I'm sorry, but errors were detected in your script. Please correct the
errors listed below, and try again.


The label chapterApe is defined twice, at File "game/chapterApe.rpyc", line 36:

and File "game/chapterMonke.rpy", line 34:
label chapterApe:


The label sadMonkey is defined twice, at File "game/chapterApe.rpyc", line 153:

and File "game/chapterMonke.rpy", line 143:
    label sadMonkey:


Ren'Py Version: Ren'Py 8.3.4.24120703
Mon Jan  6 12:18:31 2025
